[0.293s] DEBUG:colcon:Command line arguments: ['/usr/bin/colcon', 'build', '--symlink-install', '--packages-select', 'vesc_control']
[0.293s] DEBUG:colcon:Parsed command line arguments: Namespace(log_base=None, log_level=None, verb_name='build', build_base='build', install_base='install', merge_install=False, symlink_install=True, test_result_base=None, continue_on_error=False, executor='parallel', parallel_workers=6, event_handlers=None, ignore_user_meta=False, metas=['./colcon.meta'], base_paths=['.'], packages_ignore=None, packages_ignore_regex=None, paths=None, packages_up_to=None, packages_up_to_regex=None, packages_above=None, packages_above_and_dependencies=None, packages_above_depth=None, packages_select_by_dep=None, packages_skip_by_dep=None, packages_skip_up_to=None, packages_select_build_failed=False, packages_skip_build_finished=False, packages_select_test_failures=False, packages_skip_test_passed=False, packages_select=['vesc_control'], packages_skip=None, packages_select_regex=None, packages_skip_regex=None, packages_start=None, packages_end=None, allow_overriding=[], cmake_args=None, cmake_target=None, cmake_target_skip_unavailable=False, cmake_clean_cache=False, cmake_clean_first=False, cmake_force_configure=False, ament_cmake_args=None, catkin_cmake_args=None, catkin_skip_building_tests=False, verb_parser=<colcon_defaults.argument_parser.defaults.DefaultArgumentsDecorator object at 0xffff88f1e480>, verb_extension=<colcon_core.verb.build.BuildVerb object at 0xffff89103410>, main=<bound method BuildVerb.main of <colcon_core.verb.build.BuildVerb object at 0xffff89103410>>)
[0.444s] Level 1:colcon.colcon_core.package_discovery:discover_packages(colcon_meta) check parameters
[0.445s] Level 1:colcon.colcon_core.package_discovery:discover_packages(recursive) check parameters
[0.445s] Level 1:colcon.colcon_core.package_discovery:discover_packages(ignore) check parameters
[0.445s] Level 1:colcon.colcon_core.package_discovery:discover_packages(path) check parameters
[0.445s] Level 1:colcon.colcon_core.package_discovery:discover_packages(colcon_meta) discover
[0.446s] Level 1:colcon.colcon_core.package_discovery:discover_packages(recursive) discover
[0.446s] INFO:colcon.colcon_core.package_discovery:Crawling recursively for packages in '/home/jetson/ros2/scr'
[0.446s] Level 1:colcon.colcon_core.package_identification:_identify(.) by extensions ['ignore', 'ignore_ament_install']
[0.447s] Level 1:colcon.colcon_core.package_identification:_identify(.) by extension 'ignore'
[0.447s] Level 1:colcon.colcon_core.package_identification:_identify(.) by extension 'ignore_ament_install'
[0.447s] Level 1:colcon.colcon_core.package_identification:_identify(.) by extensions ['colcon_pkg']
[0.447s] Level 1:colcon.colcon_core.package_identification:_identify(.) by extension 'colcon_pkg'
[0.447s] Level 1:colcon.colcon_core.package_identification:_identify(.) by extensions ['colcon_meta']
[0.447s] Level 1:colcon.colcon_core.package_identification:_identify(.) by extension 'colcon_meta'
[0.447s] Level 1:colcon.colcon_core.package_identification:_identify(.) by extensions ['ros']
[0.447s] Level 1:colcon.colcon_core.package_identification:_identify(.) by extension 'ros'
[0.524s] Level 1:colcon.colcon_core.package_identification:_identify(.) by extensions ['cmake', 'python']
[0.525s] Level 1:colcon.colcon_core.package_identification:_identify(.) by extension 'cmake'
[0.525s] Level 1:colcon.colcon_core.package_identification:_identify(.) by extension 'python'
[0.525s] Level 1:colcon.colcon_core.package_identification:_identify(.) by extensions ['python_setup_py']
[0.525s] Level 1:colcon.colcon_core.package_identification:_identify(.) by extension 'python_setup_py'
[0.526s] Level 1:colcon.colcon_core.package_identification:_identify(build) by extensions ['ignore', 'ignore_ament_install']
[0.526s] Level 1:colcon.colcon_core.package_identification:_identify(build) by extension 'ignore'
[0.526s] Level 1:colcon.colcon_core.package_identification:_identify(build) ignored
[0.526s] Level 1:colcon.colcon_core.package_identification:_identify(install) by extensions ['ignore', 'ignore_ament_install']
[0.527s] Level 1:colcon.colcon_core.package_identification:_identify(install) by extension 'ignore'
[0.527s] Level 1:colcon.colcon_core.package_identification:_identify(install) ignored
[0.527s] Level 1:colcon.colcon_core.package_identification:_identify(log) by extensions ['ignore', 'ignore_ament_install']
[0.527s] Level 1:colcon.colcon_core.package_identification:_identify(log) by extension 'ignore'
[0.527s] Level 1:colcon.colcon_core.package_identification:_identify(log) ignored
[0.527s] Level 1:colcon.colcon_core.package_identification:_identify(vesc_control) by extensions ['ignore', 'ignore_ament_install']
[0.527s] Level 1:colcon.colcon_core.package_identification:_identify(vesc_control) by extension 'ignore'
[0.527s] Level 1:colcon.colcon_core.package_identification:_identify(vesc_control) by extension 'ignore_ament_install'
[0.528s] Level 1:colcon.colcon_core.package_identification:_identify(vesc_control) by extensions ['colcon_pkg']
[0.528s] Level 1:colcon.colcon_core.package_identification:_identify(vesc_control) by extension 'colcon_pkg'
[0.528s] Level 1:colcon.colcon_core.package_identification:_identify(vesc_control) by extensions ['colcon_meta']
[0.528s] Level 1:colcon.colcon_core.package_identification:_identify(vesc_control) by extension 'colcon_meta'
[0.528s] Level 1:colcon.colcon_core.package_identification:_identify(vesc_control) by extensions ['ros']
[0.528s] Level 1:colcon.colcon_core.package_identification:_identify(vesc_control) by extension 'ros'
[0.539s] DEBUG:colcon.colcon_core.package_identification:Package 'vesc_control' with type 'ros.ament_cmake' and name 'vesc_control'
[0.539s] Level 1:colcon.colcon_core.package_discovery:discover_packages(recursive) using defaults
[0.540s] Level 1:colcon.colcon_core.package_discovery:discover_packages(ignore) discover
[0.540s] Level 1:colcon.colcon_core.package_discovery:discover_packages(ignore) using defaults
[0.540s] Level 1:colcon.colcon_core.package_discovery:discover_packages(path) discover
[0.540s] Level 1:colcon.colcon_core.package_discovery:discover_packages(path) using defaults
[0.588s] Level 1:colcon.colcon_core.package_discovery:discover_packages(prefix_path) check parameters
[0.588s] Level 1:colcon.colcon_core.package_discovery:discover_packages(prefix_path) discover
[0.590s] WARNING:colcon.colcon_ros.prefix_path.ament:The path '/home/jetson/ros2/scr/install/vesc_control' in the environment variable AMENT_PREFIX_PATH doesn't exist
[0.590s] WARNING:colcon.colcon_ros.prefix_path.catkin:The path '/home/jetson/ros2/scr/install/vesc_control' in the environment variable CMAKE_PREFIX_PATH doesn't exist
[0.592s] DEBUG:colcon.colcon_installed_package_information.package_discovery:Found 0 installed packages in /home/jetson/ros2/scr/install
[0.595s] DEBUG:colcon.colcon_installed_package_information.package_discovery:Found 287 installed packages in /opt/ros/jazzy
[0.596s] Level 1:colcon.colcon_core.package_discovery:discover_packages(prefix_path) using defaults
[0.681s] Level 5:colcon.colcon_core.verb:set package 'vesc_control' build argument 'cmake_args' from command line to 'None'
[0.681s] Level 5:colcon.colcon_core.verb:set package 'vesc_control' build argument 'cmake_target' from command line to 'None'
[0.681s] Level 5:colcon.colcon_core.verb:set package 'vesc_control' build argument 'cmake_target_skip_unavailable' from command line to 'False'
[0.681s] Level 5:colcon.colcon_core.verb:set package 'vesc_control' build argument 'cmake_clean_cache' from command line to 'False'
[0.682s] Level 5:colcon.colcon_core.verb:set package 'vesc_control' build argument 'cmake_clean_first' from command line to 'False'
[0.682s] Level 5:colcon.colcon_core.verb:set package 'vesc_control' build argument 'cmake_force_configure' from command line to 'False'
[0.682s] Level 5:colcon.colcon_core.verb:set package 'vesc_control' build argument 'ament_cmake_args' from command line to 'None'
[0.682s] Level 5:colcon.colcon_core.verb:set package 'vesc_control' build argument 'catkin_cmake_args' from command line to 'None'
[0.682s] Level 5:colcon.colcon_core.verb:set package 'vesc_control' build argument 'catkin_skip_building_tests' from command line to 'False'
[0.682s] DEBUG:colcon.colcon_core.verb:Building package 'vesc_control' with the following arguments: {'ament_cmake_args': None, 'build_base': '/home/jetson/ros2/scr/build/vesc_control', 'catkin_cmake_args': None, 'catkin_skip_building_tests': False, 'cmake_args': None, 'cmake_clean_cache': False, 'cmake_clean_first': False, 'cmake_force_configure': False, 'cmake_target': None, 'cmake_target_skip_unavailable': False, 'install_base': '/home/jetson/ros2/scr/install/vesc_control', 'merge_install': False, 'path': '/home/jetson/ros2/scr/vesc_control', 'symlink_install': True, 'test_result_base': None}
[0.682s] INFO:colcon.colcon_core.executor:Executing jobs using 'parallel' executor
[0.685s] DEBUG:colcon.colcon_parallel_executor.executor.parallel:run_until_complete
[0.685s] INFO:colcon.colcon_ros.task.ament_cmake.build:Building ROS package in '/home/jetson/ros2/scr/vesc_control' with build type 'ament_cmake'
[0.686s] INFO:colcon.colcon_cmake.task.cmake.build:Building CMake package in '/home/jetson/ros2/scr/vesc_control'
[0.692s] INFO:colcon.colcon_core.plugin_system:Skipping extension 'colcon_core.shell.bat': Not used on non-Windows systems
[0.692s] INFO:colcon.colcon_core.shell:Skip shell extension 'powershell' for command environment: Not usable outside of PowerShell
[0.692s] DEBUG:colcon.colcon_core.shell:Skip shell extension 'dsv' for command environment
[0.706s] DEBUG:colcon.colcon_core.event_handler.log_command:Invoking command in '/home/jetson/ros2/scr/build/vesc_control': CMAKE_PREFIX_PATH=${CMAKE_PREFIX_PATH}:/opt/ros/jazzy DEBUGINFOD_URLS=https://debuginfod.ubuntu.com /usr/bin/cmake /home/jetson/ros2/scr/vesc_control -DAMENT_CMAKE_SYMLINK_INSTALL=1 -DCMAKE_INSTALL_PREFIX=/home/jetson/ros2/scr/install/vesc_control
[3.130s] DEBUG:colcon.colcon_core.event_handler.log_command:Invoked command in '/home/jetson/ros2/scr/build/vesc_control' returned '0': CMAKE_PREFIX_PATH=${CMAKE_PREFIX_PATH}:/opt/ros/jazzy DEBUGINFOD_URLS=https://debuginfod.ubuntu.com /usr/bin/cmake /home/jetson/ros2/scr/vesc_control -DAMENT_CMAKE_SYMLINK_INSTALL=1 -DCMAKE_INSTALL_PREFIX=/home/jetson/ros2/scr/install/vesc_control
[3.137s] DEBUG:colcon.colcon_core.event_handler.log_command:Invoking command in '/home/jetson/ros2/scr/build/vesc_control': CMAKE_PREFIX_PATH=${CMAKE_PREFIX_PATH}:/opt/ros/jazzy DEBUGINFOD_URLS=https://debuginfod.ubuntu.com /usr/bin/cmake --build /home/jetson/ros2/scr/build/vesc_control -- -j6 -l6
[19.976s] DEBUG:colcon.colcon_core.event_handler.log_command:Invoked command in '/home/jetson/ros2/scr/build/vesc_control' returned '0': CMAKE_PREFIX_PATH=${CMAKE_PREFIX_PATH}:/opt/ros/jazzy DEBUGINFOD_URLS=https://debuginfod.ubuntu.com /usr/bin/cmake --build /home/jetson/ros2/scr/build/vesc_control -- -j6 -l6
[19.998s] DEBUG:colcon.colcon_core.event_handler.log_command:Invoking command in '/home/jetson/ros2/scr/build/vesc_control': CMAKE_PREFIX_PATH=${CMAKE_PREFIX_PATH}:/opt/ros/jazzy DEBUGINFOD_URLS=https://debuginfod.ubuntu.com /usr/bin/cmake --install /home/jetson/ros2/scr/build/vesc_control
[20.363s] Level 1:colcon.colcon_core.environment:create_environment_scripts_only(vesc_control)
[20.365s] DEBUG:colcon.colcon_core.event_handler.log_command:Invoked command in '/home/jetson/ros2/scr/build/vesc_control' returned '0': CMAKE_PREFIX_PATH=${CMAKE_PREFIX_PATH}:/opt/ros/jazzy DEBUGINFOD_URLS=https://debuginfod.ubuntu.com /usr/bin/cmake --install /home/jetson/ros2/scr/build/vesc_control
[20.374s] Level 1:colcon.colcon_core.environment:checking '/home/jetson/ros2/scr/install/vesc_control' for CMake module files
[20.375s] Level 1:colcon.colcon_core.environment:checking '/home/jetson/ros2/scr/install/vesc_control' for CMake config files
[20.376s] Level 1:colcon.colcon_core.shell:create_environment_hook('vesc_control', 'cmake_prefix_path')
[20.376s] INFO:colcon.colcon_core.shell:Creating environment hook '/home/jetson/ros2/scr/install/vesc_control/share/vesc_control/hook/cmake_prefix_path.ps1'
[20.378s] INFO:colcon.colcon_core.shell:Creating environment descriptor '/home/jetson/ros2/scr/install/vesc_control/share/vesc_control/hook/cmake_prefix_path.dsv'
[20.379s] INFO:colcon.colcon_core.shell:Creating environment hook '/home/jetson/ros2/scr/install/vesc_control/share/vesc_control/hook/cmake_prefix_path.sh'
[20.381s] Level 1:colcon.colcon_core.environment:checking '/home/jetson/ros2/scr/install/vesc_control/lib'
[20.381s] Level 1:colcon.colcon_core.environment:checking '/home/jetson/ros2/scr/install/vesc_control/bin'
[20.381s] Level 1:colcon.colcon_core.environment:checking '/home/jetson/ros2/scr/install/vesc_control/lib/pkgconfig/vesc_control.pc'
[20.381s] Level 1:colcon.colcon_core.environment:checking '/home/jetson/ros2/scr/install/vesc_control/lib/python3.12/site-packages'
[20.382s] Level 1:colcon.colcon_core.environment:checking '/home/jetson/ros2/scr/install/vesc_control/bin'
[20.383s] INFO:colcon.colcon_core.shell:Creating package script '/home/jetson/ros2/scr/install/vesc_control/share/vesc_control/package.ps1'
[20.384s] INFO:colcon.colcon_core.shell:Creating package descriptor '/home/jetson/ros2/scr/install/vesc_control/share/vesc_control/package.dsv'
[20.385s] INFO:colcon.colcon_core.shell:Creating package script '/home/jetson/ros2/scr/install/vesc_control/share/vesc_control/package.sh'
[20.386s] INFO:colcon.colcon_core.shell:Creating package script '/home/jetson/ros2/scr/install/vesc_control/share/vesc_control/package.bash'
[20.388s] INFO:colcon.colcon_core.shell:Creating package script '/home/jetson/ros2/scr/install/vesc_control/share/vesc_control/package.zsh'
[20.389s] Level 1:colcon.colcon_core.environment:create_file_with_runtime_dependencies(/home/jetson/ros2/scr/install/vesc_control/share/colcon-core/packages/vesc_control)
[20.390s] Level 1:colcon.colcon_core.environment:create_environment_scripts_only(vesc_control)
[20.390s] Level 1:colcon.colcon_core.environment:checking '/home/jetson/ros2/scr/install/vesc_control' for CMake module files
[20.391s] Level 1:colcon.colcon_core.environment:checking '/home/jetson/ros2/scr/install/vesc_control' for CMake config files
[20.392s] Level 1:colcon.colcon_core.shell:create_environment_hook('vesc_control', 'cmake_prefix_path')
[20.392s] INFO:colcon.colcon_core.shell:Creating environment hook '/home/jetson/ros2/scr/install/vesc_control/share/vesc_control/hook/cmake_prefix_path.ps1'
[20.395s] INFO:colcon.colcon_core.shell:Creating environment descriptor '/home/jetson/ros2/scr/install/vesc_control/share/vesc_control/hook/cmake_prefix_path.dsv'
[20.396s] INFO:colcon.colcon_core.shell:Creating environment hook '/home/jetson/ros2/scr/install/vesc_control/share/vesc_control/hook/cmake_prefix_path.sh'
[20.397s] Level 1:colcon.colcon_core.environment:checking '/home/jetson/ros2/scr/install/vesc_control/lib'
[20.397s] Level 1:colcon.colcon_core.environment:checking '/home/jetson/ros2/scr/install/vesc_control/bin'
[20.398s] Level 1:colcon.colcon_core.environment:checking '/home/jetson/ros2/scr/install/vesc_control/lib/pkgconfig/vesc_control.pc'
[20.398s] Level 1:colcon.colcon_core.environment:checking '/home/jetson/ros2/scr/install/vesc_control/lib/python3.12/site-packages'
[20.399s] Level 1:colcon.colcon_core.environment:checking '/home/jetson/ros2/scr/install/vesc_control/bin'
[20.399s] INFO:colcon.colcon_core.shell:Creating package script '/home/jetson/ros2/scr/install/vesc_control/share/vesc_control/package.ps1'
[20.400s] INFO:colcon.colcon_core.shell:Creating package descriptor '/home/jetson/ros2/scr/install/vesc_control/share/vesc_control/package.dsv'
[20.401s] INFO:colcon.colcon_core.shell:Creating package script '/home/jetson/ros2/scr/install/vesc_control/share/vesc_control/package.sh'
[20.402s] INFO:colcon.colcon_core.shell:Creating package script '/home/jetson/ros2/scr/install/vesc_control/share/vesc_control/package.bash'
[20.403s] INFO:colcon.colcon_core.shell:Creating package script '/home/jetson/ros2/scr/install/vesc_control/share/vesc_control/package.zsh'
[20.404s] Level 1:colcon.colcon_core.environment:create_file_with_runtime_dependencies(/home/jetson/ros2/scr/install/vesc_control/share/colcon-core/packages/vesc_control)
[20.404s] DEBUG:colcon.colcon_parallel_executor.executor.parallel:closing loop
[20.405s] DEBUG:colcon.colcon_parallel_executor.executor.parallel:loop closed
[20.405s] DEBUG:colcon.colcon_parallel_executor.executor.parallel:run_until_complete finished with '0'
[20.406s] DEBUG:colcon.colcon_core.event_reactor:joining thread
[20.420s] INFO:colcon.colcon_core.plugin_system:Skipping extension 'colcon_notification.desktop_notification.terminal_notifier': Not used on non-Darwin systems
[20.420s] INFO:colcon.colcon_core.plugin_system:Skipping extension 'colcon_notification.desktop_notification.win32': Not used on non-Windows systems
[20.421s] INFO:colcon.colcon_notification.desktop_notification:Sending desktop notification using 'notify2'
[20.468s] DEBUG:colcon.colcon_core.event_reactor:joined thread
[20.469s] INFO:colcon.colcon_core.shell:Creating prefix script '/home/jetson/ros2/scr/install/local_setup.ps1'
[20.471s] INFO:colcon.colcon_core.shell:Creating prefix util module '/home/jetson/ros2/scr/install/_local_setup_util_ps1.py'
[20.473s] INFO:colcon.colcon_core.shell:Creating prefix chain script '/home/jetson/ros2/scr/install/setup.ps1'
[20.475s] INFO:colcon.colcon_core.shell:Creating prefix script '/home/jetson/ros2/scr/install/local_setup.sh'
[20.476s] INFO:colcon.colcon_core.shell:Creating prefix util module '/home/jetson/ros2/scr/install/_local_setup_util_sh.py'
[20.478s] INFO:colcon.colcon_core.shell:Creating prefix chain script '/home/jetson/ros2/scr/install/setup.sh'
[20.480s] INFO:colcon.colcon_core.shell:Creating prefix script '/home/jetson/ros2/scr/install/local_setup.bash'
[20.481s] INFO:colcon.colcon_core.shell:Creating prefix chain script '/home/jetson/ros2/scr/install/setup.bash'
[20.482s] INFO:colcon.colcon_core.shell:Creating prefix script '/home/jetson/ros2/scr/install/local_setup.zsh'
[20.483s] INFO:colcon.colcon_core.shell:Creating prefix chain script '/home/jetson/ros2/scr/install/setup.zsh'
