[0.204s] DEBUG:colcon:Command line arguments: ['/usr/bin/colcon', 'build', '--packages-select', 'vesc_control']
[0.204s] DEBUG:colcon:Parsed command line arguments: Namespace(log_base=None, log_level=None, verb_name='build', build_base='build', install_base='install', merge_install=False, symlink_install=False, test_result_base=None, continue_on_error=False, executor='parallel', parallel_workers=6, event_handlers=None, ignore_user_meta=False, metas=['./colcon.meta'], base_paths=['.'], packages_ignore=None, packages_ignore_regex=None, paths=None, packages_up_to=None, packages_up_to_regex=None, packages_above=None, packages_above_and_dependencies=None, packages_above_depth=None, packages_select_by_dep=None, packages_skip_by_dep=None, packages_skip_up_to=None, packages_select_build_failed=False, packages_skip_build_finished=False, packages_select_test_failures=False, packages_skip_test_passed=False, packages_select=['vesc_control'], packages_skip=None, packages_select_regex=None, packages_skip_regex=None, packages_start=None, packages_end=None, allow_overriding=[], cmake_args=None, cmake_target=None, cmake_target_skip_unavailable=False, cmake_clean_cache=False, cmake_clean_first=False, cmake_force_configure=False, ament_cmake_args=None, catkin_cmake_args=None, catkin_skip_building_tests=False, verb_parser=<colcon_defaults.argument_parser.defaults.DefaultArgumentsDecorator object at 0xffffa6907ec0>, verb_extension=<colcon_core.verb.build.BuildVerb object at 0xffffa6b56c60>, main=<bound method BuildVerb.main of <colcon_core.verb.build.BuildVerb object at 0xffffa6b56c60>>)
[0.280s] Level 1:colcon.colcon_core.package_discovery:discover_packages(colcon_meta) check parameters
[0.280s] Level 1:colcon.colcon_core.package_discovery:discover_packages(recursive) check parameters
[0.280s] Level 1:colcon.colcon_core.package_discovery:discover_packages(ignore) check parameters
[0.280s] Level 1:colcon.colcon_core.package_discovery:discover_packages(path) check parameters
[0.280s] Level 1:colcon.colcon_core.package_discovery:discover_packages(colcon_meta) discover
[0.280s] Level 1:colcon.colcon_core.package_discovery:discover_packages(recursive) discover
[0.281s] INFO:colcon.colcon_core.package_discovery:Crawling recursively for packages in '/home/jetson/ros2/scr'
[0.281s] Level 1:colcon.colcon_core.package_identification:_identify(.) by extensions ['ignore', 'ignore_ament_install']
[0.281s] Level 1:colcon.colcon_core.package_identification:_identify(.) by extension 'ignore'
[0.281s] Level 1:colcon.colcon_core.package_identification:_identify(.) by extension 'ignore_ament_install'
[0.281s] Level 1:colcon.colcon_core.package_identification:_identify(.) by extensions ['colcon_pkg']
[0.281s] Level 1:colcon.colcon_core.package_identification:_identify(.) by extension 'colcon_pkg'
[0.281s] Level 1:colcon.colcon_core.package_identification:_identify(.) by extensions ['colcon_meta']
[0.281s] Level 1:colcon.colcon_core.package_identification:_identify(.) by extension 'colcon_meta'
[0.282s] Level 1:colcon.colcon_core.package_identification:_identify(.) by extensions ['ros']
[0.282s] Level 1:colcon.colcon_core.package_identification:_identify(.) by extension 'ros'
[0.330s] Level 1:colcon.colcon_core.package_identification:_identify(.) by extensions ['cmake', 'python']
[0.330s] Level 1:colcon.colcon_core.package_identification:_identify(.) by extension 'cmake'
[0.330s] Level 1:colcon.colcon_core.package_identification:_identify(.) by extension 'python'
[0.330s] Level 1:colcon.colcon_core.package_identification:_identify(.) by extensions ['python_setup_py']
[0.330s] Level 1:colcon.colcon_core.package_identification:_identify(.) by extension 'python_setup_py'
[0.330s] Level 1:colcon.colcon_core.package_identification:_identify(build) by extensions ['ignore', 'ignore_ament_install']
[0.331s] Level 1:colcon.colcon_core.package_identification:_identify(build) by extension 'ignore'
[0.331s] Level 1:colcon.colcon_core.package_identification:_identify(build) ignored
[0.331s] Level 1:colcon.colcon_core.package_identification:_identify(install) by extensions ['ignore', 'ignore_ament_install']
[0.331s] Level 1:colcon.colcon_core.package_identification:_identify(install) by extension 'ignore'
[0.331s] Level 1:colcon.colcon_core.package_identification:_identify(install) ignored
[0.332s] Level 1:colcon.colcon_core.package_identification:_identify(log) by extensions ['ignore', 'ignore_ament_install']
[0.332s] Level 1:colcon.colcon_core.package_identification:_identify(log) by extension 'ignore'
[0.332s] Level 1:colcon.colcon_core.package_identification:_identify(log) ignored
[0.332s] Level 1:colcon.colcon_core.package_identification:_identify(vesc_control) by extensions ['ignore', 'ignore_ament_install']
[0.332s] Level 1:colcon.colcon_core.package_identification:_identify(vesc_control) by extension 'ignore'
[0.332s] Level 1:colcon.colcon_core.package_identification:_identify(vesc_control) by extension 'ignore_ament_install'
[0.332s] Level 1:colcon.colcon_core.package_identification:_identify(vesc_control) by extensions ['colcon_pkg']
[0.332s] Level 1:colcon.colcon_core.package_identification:_identify(vesc_control) by extension 'colcon_pkg'
[0.333s] Level 1:colcon.colcon_core.package_identification:_identify(vesc_control) by extensions ['colcon_meta']
[0.333s] Level 1:colcon.colcon_core.package_identification:_identify(vesc_control) by extension 'colcon_meta'
[0.333s] Level 1:colcon.colcon_core.package_identification:_identify(vesc_control) by extensions ['ros']
[0.333s] Level 1:colcon.colcon_core.package_identification:_identify(vesc_control) by extension 'ros'
[0.339s] DEBUG:colcon.colcon_core.package_identification:Package 'vesc_control' with type 'ros.ament_cmake' and name 'vesc_control'
[0.339s] Level 1:colcon.colcon_core.package_discovery:discover_packages(recursive) using defaults
[0.339s] Level 1:colcon.colcon_core.package_discovery:discover_packages(ignore) discover
[0.339s] Level 1:colcon.colcon_core.package_discovery:discover_packages(ignore) using defaults
[0.339s] Level 1:colcon.colcon_core.package_discovery:discover_packages(path) discover
[0.339s] Level 1:colcon.colcon_core.package_discovery:discover_packages(path) using defaults
[0.373s] Level 1:colcon.colcon_core.package_discovery:discover_packages(prefix_path) check parameters
[0.373s] Level 1:colcon.colcon_core.package_discovery:discover_packages(prefix_path) discover
[0.378s] DEBUG:colcon.colcon_installed_package_information.package_discovery:Found 287 installed packages in /opt/ros/jazzy
[0.379s] Level 1:colcon.colcon_core.package_discovery:discover_packages(prefix_path) using defaults
[0.459s] Level 5:colcon.colcon_core.verb:set package 'vesc_control' build argument 'cmake_args' from command line to 'None'
[0.460s] Level 5:colcon.colcon_core.verb:set package 'vesc_control' build argument 'cmake_target' from command line to 'None'
[0.460s] Level 5:colcon.colcon_core.verb:set package 'vesc_control' build argument 'cmake_target_skip_unavailable' from command line to 'False'
[0.460s] Level 5:colcon.colcon_core.verb:set package 'vesc_control' build argument 'cmake_clean_cache' from command line to 'False'
[0.460s] Level 5:colcon.colcon_core.verb:set package 'vesc_control' build argument 'cmake_clean_first' from command line to 'False'
[0.460s] Level 5:colcon.colcon_core.verb:set package 'vesc_control' build argument 'cmake_force_configure' from command line to 'False'
[0.460s] Level 5:colcon.colcon_core.verb:set package 'vesc_control' build argument 'ament_cmake_args' from command line to 'None'
[0.460s] Level 5:colcon.colcon_core.verb:set package 'vesc_control' build argument 'catkin_cmake_args' from command line to 'None'
[0.460s] Level 5:colcon.colcon_core.verb:set package 'vesc_control' build argument 'catkin_skip_building_tests' from command line to 'False'
[0.460s] DEBUG:colcon.colcon_core.verb:Building package 'vesc_control' with the following arguments: {'ament_cmake_args': None, 'build_base': '/home/jetson/ros2/scr/build/vesc_control', 'catkin_cmake_args': None, 'catkin_skip_building_tests': False, 'cmake_args': None, 'cmake_clean_cache': False, 'cmake_clean_first': False, 'cmake_force_configure': False, 'cmake_target': None, 'cmake_target_skip_unavailable': False, 'install_base': '/home/jetson/ros2/scr/install/vesc_control', 'merge_install': False, 'path': '/home/jetson/ros2/scr/vesc_control', 'symlink_install': False, 'test_result_base': None}
[0.460s] INFO:colcon.colcon_core.executor:Executing jobs using 'parallel' executor
[0.462s] DEBUG:colcon.colcon_parallel_executor.executor.parallel:run_until_complete
[0.463s] INFO:colcon.colcon_ros.task.ament_cmake.build:Building ROS package in '/home/jetson/ros2/scr/vesc_control' with build type 'ament_cmake'
[0.463s] INFO:colcon.colcon_cmake.task.cmake.build:Building CMake package in '/home/jetson/ros2/scr/vesc_control'
[0.466s] INFO:colcon.colcon_core.plugin_system:Skipping extension 'colcon_core.shell.bat': Not used on non-Windows systems
[0.467s] INFO:colcon.colcon_core.shell:Skip shell extension 'powershell' for command environment: Not usable outside of PowerShell
[0.467s] DEBUG:colcon.colcon_core.shell:Skip shell extension 'dsv' for command environment
[0.479s] DEBUG:colcon.colcon_core.event_handler.log_command:Invoking command in '/home/jetson/ros2/scr/build/vesc_control': CMAKE_PREFIX_PATH=${CMAKE_PREFIX_PATH}:/opt/ros/jazzy /usr/bin/cmake --build /home/jetson/ros2/scr/build/vesc_control -- -j6 -l6
[19.113s] DEBUG:colcon.colcon_core.event_handler.log_command:Invoked command in '/home/jetson/ros2/scr/build/vesc_control' returned '0': CMAKE_PREFIX_PATH=${CMAKE_PREFIX_PATH}:/opt/ros/jazzy /usr/bin/cmake --build /home/jetson/ros2/scr/build/vesc_control -- -j6 -l6
[19.133s] DEBUG:colcon.colcon_core.event_handler.log_command:Invoking command in '/home/jetson/ros2/scr/build/vesc_control': CMAKE_PREFIX_PATH=${CMAKE_PREFIX_PATH}:/opt/ros/jazzy /usr/bin/cmake --install /home/jetson/ros2/scr/build/vesc_control
[19.178s] Level 1:colcon.colcon_core.environment:create_environment_scripts_only(vesc_control)
[19.180s] DEBUG:colcon.colcon_core.event_handler.log_command:Invoked command in '/home/jetson/ros2/scr/build/vesc_control' returned '0': CMAKE_PREFIX_PATH=${CMAKE_PREFIX_PATH}:/opt/ros/jazzy /usr/bin/cmake --install /home/jetson/ros2/scr/build/vesc_control
[19.186s] Level 1:colcon.colcon_core.environment:checking '/home/jetson/ros2/scr/install/vesc_control' for CMake module files
[19.188s] Level 1:colcon.colcon_core.environment:checking '/home/jetson/ros2/scr/install/vesc_control' for CMake config files
[19.190s] Level 1:colcon.colcon_core.shell:create_environment_hook('vesc_control', 'cmake_prefix_path')
[19.190s] INFO:colcon.colcon_core.shell:Creating environment hook '/home/jetson/ros2/scr/install/vesc_control/share/vesc_control/hook/cmake_prefix_path.ps1'
[19.193s] INFO:colcon.colcon_core.shell:Creating environment descriptor '/home/jetson/ros2/scr/install/vesc_control/share/vesc_control/hook/cmake_prefix_path.dsv'
[19.194s] INFO:colcon.colcon_core.shell:Creating environment hook '/home/jetson/ros2/scr/install/vesc_control/share/vesc_control/hook/cmake_prefix_path.sh'
[19.197s] Level 1:colcon.colcon_core.environment:checking '/home/jetson/ros2/scr/install/vesc_control/lib'
[19.198s] Level 1:colcon.colcon_core.environment:checking '/home/jetson/ros2/scr/install/vesc_control/bin'
[19.198s] Level 1:colcon.colcon_core.environment:checking '/home/jetson/ros2/scr/install/vesc_control/lib/pkgconfig/vesc_control.pc'
[19.199s] Level 1:colcon.colcon_core.environment:checking '/home/jetson/ros2/scr/install/vesc_control/lib/python3.12/site-packages'
[19.201s] Level 1:colcon.colcon_core.environment:checking '/home/jetson/ros2/scr/install/vesc_control/bin'
[19.201s] INFO:colcon.colcon_core.shell:Creating package script '/home/jetson/ros2/scr/install/vesc_control/share/vesc_control/package.ps1'
[19.205s] INFO:colcon.colcon_core.shell:Creating package descriptor '/home/jetson/ros2/scr/install/vesc_control/share/vesc_control/package.dsv'
[19.207s] INFO:colcon.colcon_core.shell:Creating package script '/home/jetson/ros2/scr/install/vesc_control/share/vesc_control/package.sh'
[19.209s] INFO:colcon.colcon_core.shell:Creating package script '/home/jetson/ros2/scr/install/vesc_control/share/vesc_control/package.bash'
[19.211s] INFO:colcon.colcon_core.shell:Creating package script '/home/jetson/ros2/scr/install/vesc_control/share/vesc_control/package.zsh'
[19.213s] Level 1:colcon.colcon_core.environment:create_file_with_runtime_dependencies(/home/jetson/ros2/scr/install/vesc_control/share/colcon-core/packages/vesc_control)
[19.215s] Level 1:colcon.colcon_core.environment:create_environment_scripts_only(vesc_control)
[19.215s] Level 1:colcon.colcon_core.environment:checking '/home/jetson/ros2/scr/install/vesc_control' for CMake module files
[19.217s] Level 1:colcon.colcon_core.environment:checking '/home/jetson/ros2/scr/install/vesc_control' for CMake config files
[19.219s] Level 1:colcon.colcon_core.shell:create_environment_hook('vesc_control', 'cmake_prefix_path')
[19.219s] INFO:colcon.colcon_core.shell:Creating environment hook '/home/jetson/ros2/scr/install/vesc_control/share/vesc_control/hook/cmake_prefix_path.ps1'
[19.221s] INFO:colcon.colcon_core.shell:Creating environment descriptor '/home/jetson/ros2/scr/install/vesc_control/share/vesc_control/hook/cmake_prefix_path.dsv'
[19.222s] INFO:colcon.colcon_core.shell:Creating environment hook '/home/jetson/ros2/scr/install/vesc_control/share/vesc_control/hook/cmake_prefix_path.sh'
[19.223s] Level 1:colcon.colcon_core.environment:checking '/home/jetson/ros2/scr/install/vesc_control/lib'
[19.224s] Level 1:colcon.colcon_core.environment:checking '/home/jetson/ros2/scr/install/vesc_control/bin'
[19.224s] Level 1:colcon.colcon_core.environment:checking '/home/jetson/ros2/scr/install/vesc_control/lib/pkgconfig/vesc_control.pc'
[19.225s] Level 1:colcon.colcon_core.environment:checking '/home/jetson/ros2/scr/install/vesc_control/lib/python3.12/site-packages'
[19.226s] Level 1:colcon.colcon_core.environment:checking '/home/jetson/ros2/scr/install/vesc_control/bin'
[19.227s] INFO:colcon.colcon_core.shell:Creating package script '/home/jetson/ros2/scr/install/vesc_control/share/vesc_control/package.ps1'
[19.229s] INFO:colcon.colcon_core.shell:Creating package descriptor '/home/jetson/ros2/scr/install/vesc_control/share/vesc_control/package.dsv'
[19.230s] INFO:colcon.colcon_core.shell:Creating package script '/home/jetson/ros2/scr/install/vesc_control/share/vesc_control/package.sh'
[19.231s] INFO:colcon.colcon_core.shell:Creating package script '/home/jetson/ros2/scr/install/vesc_control/share/vesc_control/package.bash'
[19.232s] INFO:colcon.colcon_core.shell:Creating package script '/home/jetson/ros2/scr/install/vesc_control/share/vesc_control/package.zsh'
[19.233s] Level 1:colcon.colcon_core.environment:create_file_with_runtime_dependencies(/home/jetson/ros2/scr/install/vesc_control/share/colcon-core/packages/vesc_control)
[19.234s] DEBUG:colcon.colcon_parallel_executor.executor.parallel:closing loop
[19.235s] DEBUG:colcon.colcon_parallel_executor.executor.parallel:loop closed
[19.235s] DEBUG:colcon.colcon_parallel_executor.executor.parallel:run_until_complete finished with '0'
[19.235s] DEBUG:colcon.colcon_core.event_reactor:joining thread
[19.236s] DEBUG:colcon.colcon_core.event_reactor:joined thread
[19.237s] INFO:colcon.colcon_core.shell:Creating prefix script '/home/jetson/ros2/scr/install/local_setup.ps1'
[19.239s] INFO:colcon.colcon_core.shell:Creating prefix util module '/home/jetson/ros2/scr/install/_local_setup_util_ps1.py'
[19.243s] INFO:colcon.colcon_core.shell:Creating prefix chain script '/home/jetson/ros2/scr/install/setup.ps1'
[19.246s] INFO:colcon.colcon_core.shell:Creating prefix script '/home/jetson/ros2/scr/install/local_setup.sh'
[19.248s] INFO:colcon.colcon_core.shell:Creating prefix util module '/home/jetson/ros2/scr/install/_local_setup_util_sh.py'
[19.250s] INFO:colcon.colcon_core.shell:Creating prefix chain script '/home/jetson/ros2/scr/install/setup.sh'
[19.253s] INFO:colcon.colcon_core.shell:Creating prefix script '/home/jetson/ros2/scr/install/local_setup.bash'
[19.254s] INFO:colcon.colcon_core.shell:Creating prefix chain script '/home/jetson/ros2/scr/install/setup.bash'
[19.257s] INFO:colcon.colcon_core.shell:Creating prefix script '/home/jetson/ros2/scr/install/local_setup.zsh'
[19.258s] INFO:colcon.colcon_core.shell:Creating prefix chain script '/home/jetson/ros2/scr/install/setup.zsh'
