-- Found ament_cmake: 2.5.6 (/opt/ros/jazzy/share/ament_cmake/cmake)
-- Override CMake install command with custom implementation using symlinks instead of copying resources
-- Found rclcpp: 28.1.21 (/opt/ros/jazzy/share/rclcpp/cmake)
-- Found rosidl_generator_c: 4.6.9 (/opt/ros/jazzy/share/rosidl_generator_c/cmake)
-- Found rosidl_generator_cpp: 4.6.9 (/opt/ros/jazzy/share/rosidl_generator_cpp/cmake)
-- Using all available rosidl_typesupport_c: rosidl_typesupport_fastrtps_c;rosidl_typesupport_introspection_c
-- Using all available rosidl_typesupport_cpp: rosidl_typesupport_fastrtps_cpp;rosidl_typesupport_introspection_cpp
-- Found rmw_implementation_cmake: 7.3.3 (/opt/ros/jazzy/share/rmw_implementation_cmake/cmake)
-- Found rmw_fastrtps_cpp: 8.4.4 (/opt/ros/jazzy/share/rmw_fastrtps_cpp/cmake)
-- Using RMW implementation 'rmw_fastrtps_cpp' as default
-- Found std_msgs: 5.3.8 (/opt/ros/jazzy/share/std_msgs/cmake)
-- Configuring done (1.4s)
-- Generating done (0.0s)
-- Build files have been written to: /home/jetson/ros2/scr/build/vesc_control
[ 50%] [32mBuilding CXX object CMakeFiles/vesc_control_node.dir/src/vesc_interface.cpp.o[0m
[ 50%] [32mBuilding CXX object CMakeFiles/vesc_control_node.dir/src/servo_controller.cpp.o[0m
[ 75%] [32mBuilding CXX object CMakeFiles/vesc_control_node.dir/src/vesc_control_node.cpp.o[0m
[100%] [32m[1mLinking CXX executable vesc_control_node[0m
[100%] Built target vesc_control_node
-- Install configuration: ""
-- Execute custom install script
-- Up-to-date symlink: /home/jetson/ros2/scr/install/vesc_control/lib/vesc_control/vesc_control_node
-- Symlinking: /home/jetson/ros2/scr/install/vesc_control/include/vesc_control/servo_controller.hpp
-- Symlinking: /home/jetson/ros2/scr/install/vesc_control/include/vesc_control/vesc_interface.hpp
-- Up-to-date symlink: /home/jetson/ros2/scr/install/vesc_control/share/ament_index/resource_index/package_run_dependencies/vesc_control
-- Up-to-date symlink: /home/jetson/ros2/scr/install/vesc_control/share/ament_index/resource_index/parent_prefix_path/vesc_control
-- Up-to-date symlink: /home/jetson/ros2/scr/install/vesc_control/share/vesc_control/environment/ament_prefix_path.sh
-- Up-to-date symlink: /home/jetson/ros2/scr/install/vesc_control/share/vesc_control/environment/ament_prefix_path.dsv
-- Up-to-date symlink: /home/jetson/ros2/scr/install/vesc_control/share/vesc_control/environment/path.sh
-- Up-to-date symlink: /home/jetson/ros2/scr/install/vesc_control/share/vesc_control/environment/path.dsv
-- Up-to-date symlink: /home/jetson/ros2/scr/install/vesc_control/share/vesc_control/local_setup.bash
-- Up-to-date symlink: /home/jetson/ros2/scr/install/vesc_control/share/vesc_control/local_setup.sh
-- Up-to-date symlink: /home/jetson/ros2/scr/install/vesc_control/share/vesc_control/local_setup.zsh
-- Up-to-date symlink: /home/jetson/ros2/scr/install/vesc_control/share/vesc_control/local_setup.dsv
-- Symlinking: /home/jetson/ros2/scr/install/vesc_control/share/vesc_control/package.dsv
-- Up-to-date symlink: /home/jetson/ros2/scr/install/vesc_control/share/ament_index/resource_index/packages/vesc_control
-- Up-to-date symlink: /home/jetson/ros2/scr/install/vesc_control/share/vesc_control/cmake/vesc_controlConfig.cmake
-- Up-to-date symlink: /home/jetson/ros2/scr/install/vesc_control/share/vesc_control/cmake/vesc_controlConfig-version.cmake
-- Up-to-date symlink: /home/jetson/ros2/scr/install/vesc_control/share/vesc_control/package.xml
