[0.020s] Invoking command in '/home/jetson/ros2/build/vesc_control': CMAKE_PREFIX_PATH=${CMAKE_PREFIX_PATH}:/opt/ros/jazzy DEBUGINFOD_URLS=https://debuginfod.ubuntu.com /usr/bin/cmake /home/jetson/ros2/scr/vesc_control -DAMENT_CMAKE_SYMLINK_INSTALL=1 -DCMAKE_INSTALL_PREFIX=/home/jetson/ros2/install/vesc_control
[0.221s] -- The C compiler identification is GNU 13.3.0
[0.469s] -- The CXX compiler identification is GNU 13.3.0
[0.503s] -- Detecting C compiler ABI info
[0.678s] -- Detecting C compiler ABI info - done
[0.715s] -- Check for working C compiler: /usr/bin/cc - skipped
[0.717s] -- Detecting C compile features
[0.718s] -- Detecting C compile features - done
[0.741s] -- Detecting CXX compiler ABI info
[0.938s] -- Detecting CXX compiler ABI info - done
[0.968s] -- Check for working CXX compiler: /usr/bin/c++ - skipped
[0.968s] -- Detecting CXX compile features
[0.970s] -- Detecting CXX compile features - done
[0.984s] -- Found ament_cmake: 2.5.6 (/opt/ros/jazzy/share/ament_cmake/cmake)
[1.311s] -- Found Python3: /usr/bin/python3 (found version "3.12.3") found components: Interpreter 
[1.499s] -- Override CMake install command with custom implementation using symlinks instead of copying resources
[1.558s] -- Found rclcpp: 28.1.21 (/opt/ros/jazzy/share/rclcpp/cmake)
[1.636s] -- Found rosidl_generator_c: 4.6.9 (/opt/ros/jazzy/share/rosidl_generator_c/cmake)
[1.663s] -- Found rosidl_generator_cpp: 4.6.9 (/opt/ros/jazzy/share/rosidl_generator_cpp/cmake)
[1.697s] -- Using all available rosidl_typesupport_c: rosidl_typesupport_fastrtps_c;rosidl_typesupport_introspection_c
[1.740s] -- Using all available rosidl_typesupport_cpp: rosidl_typesupport_fastrtps_cpp;rosidl_typesupport_introspection_cpp
[1.890s] -- Found rmw_implementation_cmake: 7.3.3 (/opt/ros/jazzy/share/rmw_implementation_cmake/cmake)
[1.895s] -- Found rmw_fastrtps_cpp: 8.4.4 (/opt/ros/jazzy/share/rmw_fastrtps_cpp/cmake)
[2.046s] -- Found OpenSSL: /usr/lib/aarch64-linux-gnu/libcrypto.so (found version "3.0.13")  
[2.081s] -- Found FastRTPS: /opt/ros/jazzy/include (Required is at least version "2.13") 
[2.125s] -- Using RMW implementation 'rmw_fastrtps_cpp' as default
[2.265s] -- Found std_msgs: 5.3.8 (/opt/ros/jazzy/share/std_msgs/cmake)
[2.292s] -- Found ament_lint_auto: 0.17.5 (/opt/ros/jazzy/share/ament_lint_auto/cmake)
[2.552s] -- Added test 'lint_cmake' to check CMake code style
[2.556s] -- Added test 'xmllint' to check XML markup files
[2.562s] -- Configuring done (2.5s)
[2.575s] -- Generating done (0.0s)
[2.581s] -- Build files have been written to: /home/jetson/ros2/build/vesc_control
[2.607s] Invoked command in '/home/jetson/ros2/build/vesc_control' returned '0': CMAKE_PREFIX_PATH=${CMAKE_PREFIX_PATH}:/opt/ros/jazzy DEBUGINFOD_URLS=https://debuginfod.ubuntu.com /usr/bin/cmake /home/jetson/ros2/scr/vesc_control -DAMENT_CMAKE_SYMLINK_INSTALL=1 -DCMAKE_INSTALL_PREFIX=/home/jetson/ros2/install/vesc_control
[2.612s] Invoking command in '/home/jetson/ros2/build/vesc_control': CMAKE_PREFIX_PATH=${CMAKE_PREFIX_PATH}:/opt/ros/jazzy DEBUGINFOD_URLS=https://debuginfod.ubuntu.com /usr/bin/cmake --build /home/jetson/ros2/build/vesc_control -- -j6 -l6
[2.700s] Invoked command in '/home/jetson/ros2/build/vesc_control' returned '0': CMAKE_PREFIX_PATH=${CMAKE_PREFIX_PATH}:/opt/ros/jazzy DEBUGINFOD_URLS=https://debuginfod.ubuntu.com /usr/bin/cmake --build /home/jetson/ros2/build/vesc_control -- -j6 -l6
[2.722s] Invoking command in '/home/jetson/ros2/build/vesc_control': CMAKE_PREFIX_PATH=${CMAKE_PREFIX_PATH}:/opt/ros/jazzy DEBUGINFOD_URLS=https://debuginfod.ubuntu.com /usr/bin/cmake --install /home/jetson/ros2/build/vesc_control
[2.744s] -- Install configuration: ""
[2.745s] -- Execute custom install script
[2.746s] -- Symlinking: /home/jetson/ros2/install/vesc_control/share/ament_index/resource_index/package_run_dependencies/vesc_control
[2.764s] -- Symlinking: /home/jetson/ros2/install/vesc_control/share/ament_index/resource_index/parent_prefix_path/vesc_control
[2.782s] -- Symlinking: /home/jetson/ros2/install/vesc_control/share/vesc_control/environment/ament_prefix_path.sh
[2.800s] -- Symlinking: /home/jetson/ros2/install/vesc_control/share/vesc_control/environment/ament_prefix_path.dsv
[2.818s] -- Symlinking: /home/jetson/ros2/install/vesc_control/share/vesc_control/environment/path.sh
[2.839s] -- Symlinking: /home/jetson/ros2/install/vesc_control/share/vesc_control/environment/path.dsv
[2.859s] -- Symlinking: /home/jetson/ros2/install/vesc_control/share/vesc_control/local_setup.bash
[2.880s] -- Symlinking: /home/jetson/ros2/install/vesc_control/share/vesc_control/local_setup.sh
[2.898s] -- Symlinking: /home/jetson/ros2/install/vesc_control/share/vesc_control/local_setup.zsh
[2.916s] -- Symlinking: /home/jetson/ros2/install/vesc_control/share/vesc_control/local_setup.dsv
[2.937s] -- Symlinking: /home/jetson/ros2/install/vesc_control/share/vesc_control/package.dsv
[2.958s] -- Symlinking: /home/jetson/ros2/install/vesc_control/share/ament_index/resource_index/packages/vesc_control
[2.977s] -- Symlinking: /home/jetson/ros2/install/vesc_control/share/vesc_control/cmake/vesc_controlConfig.cmake
[2.996s] -- Symlinking: /home/jetson/ros2/install/vesc_control/share/vesc_control/cmake/vesc_controlConfig-version.cmake
[3.016s] -- Symlinking: /home/jetson/ros2/install/vesc_control/share/vesc_control/package.xml
[3.043s] Invoked command in '/home/jetson/ros2/build/vesc_control' returned '0': CMAKE_PREFIX_PATH=${CMAKE_PREFIX_PATH}:/opt/ros/jazzy DEBUGINFOD_URLS=https://debuginfod.ubuntu.com /usr/bin/cmake --install /home/jetson/ros2/build/vesc_control
