[0.328s] DEBUG:colcon:Command line arguments: ['/usr/bin/colcon', 'build', '--symlink-install', '--packages-select', 'vesc_control']
[0.328s] DEBUG:colcon:Parsed command line arguments: Namespace(log_base=None, log_level=None, verb_name='build', build_base='build', install_base='install', merge_install=False, symlink_install=True, test_result_base=None, continue_on_error=False, executor='parallel', parallel_workers=6, event_handlers=None, ignore_user_meta=False, metas=['./colcon.meta'], base_paths=['.'], packages_ignore=None, packages_ignore_regex=None, paths=None, packages_up_to=None, packages_up_to_regex=None, packages_above=None, packages_above_and_dependencies=None, packages_above_depth=None, packages_select_by_dep=None, packages_skip_by_dep=None, packages_skip_up_to=None, packages_select_build_failed=False, packages_skip_build_finished=False, packages_select_test_failures=False, packages_skip_test_passed=False, packages_select=['vesc_control'], packages_skip=None, packages_select_regex=None, packages_skip_regex=None, packages_start=None, packages_end=None, allow_overriding=[], cmake_args=None, cmake_target=None, cmake_target_skip_unavailable=False, cmake_clean_cache=False, cmake_clean_first=False, cmake_force_configure=False, ament_cmake_args=None, catkin_cmake_args=None, catkin_skip_building_tests=False, verb_parser=<colcon_defaults.argument_parser.defaults.DefaultArgumentsDecorator object at 0xffff92d607a0>, verb_extension=<colcon_core.verb.build.BuildVerb object at 0xffff92f4f140>, main=<bound method BuildVerb.main of <colcon_core.verb.build.BuildVerb object at 0xffff92f4f140>>)
[0.423s] Level 1:colcon.colcon_core.package_discovery:discover_packages(colcon_meta) check parameters
[0.424s] Level 1:colcon.colcon_core.package_discovery:discover_packages(recursive) check parameters
[0.424s] Level 1:colcon.colcon_core.package_discovery:discover_packages(ignore) check parameters
[0.424s] Level 1:colcon.colcon_core.package_discovery:discover_packages(path) check parameters
[0.424s] Level 1:colcon.colcon_core.package_discovery:discover_packages(colcon_meta) discover
[0.424s] Level 1:colcon.colcon_core.package_discovery:discover_packages(recursive) discover
[0.424s] INFO:colcon.colcon_core.package_discovery:Crawling recursively for packages in '/home/jetson/ros2/scr'
[0.425s] Level 1:colcon.colcon_core.package_identification:_identify(.) by extensions ['ignore', 'ignore_ament_install']
[0.425s] Level 1:colcon.colcon_core.package_identification:_identify(.) by extension 'ignore'
[0.425s] Level 1:colcon.colcon_core.package_identification:_identify(.) by extension 'ignore_ament_install'
[0.425s] Level 1:colcon.colcon_core.package_identification:_identify(.) by extensions ['colcon_pkg']
[0.425s] Level 1:colcon.colcon_core.package_identification:_identify(.) by extension 'colcon_pkg'
[0.425s] Level 1:colcon.colcon_core.package_identification:_identify(.) by extensions ['colcon_meta']
[0.425s] Level 1:colcon.colcon_core.package_identification:_identify(.) by extension 'colcon_meta'
[0.425s] Level 1:colcon.colcon_core.package_identification:_identify(.) by extensions ['ros']
[0.426s] Level 1:colcon.colcon_core.package_identification:_identify(.) by extension 'ros'
[0.482s] Level 1:colcon.colcon_core.package_identification:_identify(.) by extensions ['cmake', 'python']
[0.482s] Level 1:colcon.colcon_core.package_identification:_identify(.) by extension 'cmake'
[0.482s] Level 1:colcon.colcon_core.package_identification:_identify(.) by extension 'python'
[0.482s] Level 1:colcon.colcon_core.package_identification:_identify(.) by extensions ['python_setup_py']
[0.482s] Level 1:colcon.colcon_core.package_identification:_identify(.) by extension 'python_setup_py'
[0.482s] Level 1:colcon.colcon_core.package_identification:_identify(build) by extensions ['ignore', 'ignore_ament_install']
[0.483s] Level 1:colcon.colcon_core.package_identification:_identify(build) by extension 'ignore'
[0.483s] Level 1:colcon.colcon_core.package_identification:_identify(build) ignored
[0.483s] Level 1:colcon.colcon_core.package_identification:_identify(install) by extensions ['ignore', 'ignore_ament_install']
[0.483s] Level 1:colcon.colcon_core.package_identification:_identify(install) by extension 'ignore'
[0.483s] Level 1:colcon.colcon_core.package_identification:_identify(install) ignored
[0.483s] Level 1:colcon.colcon_core.package_identification:_identify(log) by extensions ['ignore', 'ignore_ament_install']
[0.484s] Level 1:colcon.colcon_core.package_identification:_identify(log) by extension 'ignore'
[0.484s] Level 1:colcon.colcon_core.package_identification:_identify(log) ignored
[0.484s] Level 1:colcon.colcon_core.package_identification:_identify(vesc_control) by extensions ['ignore', 'ignore_ament_install']
[0.484s] Level 1:colcon.colcon_core.package_identification:_identify(vesc_control) by extension 'ignore'
[0.484s] Level 1:colcon.colcon_core.package_identification:_identify(vesc_control) by extension 'ignore_ament_install'
[0.484s] Level 1:colcon.colcon_core.package_identification:_identify(vesc_control) by extensions ['colcon_pkg']
[0.484s] Level 1:colcon.colcon_core.package_identification:_identify(vesc_control) by extension 'colcon_pkg'
[0.484s] Level 1:colcon.colcon_core.package_identification:_identify(vesc_control) by extensions ['colcon_meta']
[0.484s] Level 1:colcon.colcon_core.package_identification:_identify(vesc_control) by extension 'colcon_meta'
[0.485s] Level 1:colcon.colcon_core.package_identification:_identify(vesc_control) by extensions ['ros']
[0.485s] Level 1:colcon.colcon_core.package_identification:_identify(vesc_control) by extension 'ros'
[0.492s] DEBUG:colcon.colcon_core.package_identification:Package 'vesc_control' with type 'ros.ament_cmake' and name 'vesc_control'
[0.492s] Level 1:colcon.colcon_core.package_discovery:discover_packages(recursive) using defaults
[0.492s] Level 1:colcon.colcon_core.package_discovery:discover_packages(ignore) discover
[0.493s] Level 1:colcon.colcon_core.package_discovery:discover_packages(ignore) using defaults
[0.493s] Level 1:colcon.colcon_core.package_discovery:discover_packages(path) discover
[0.493s] Level 1:colcon.colcon_core.package_discovery:discover_packages(path) using defaults
[0.533s] Level 1:colcon.colcon_core.package_discovery:discover_packages(prefix_path) check parameters
[0.533s] Level 1:colcon.colcon_core.package_discovery:discover_packages(prefix_path) discover
[0.537s] DEBUG:colcon.colcon_installed_package_information.package_discovery:Found 1 installed packages in /home/jetson/ros2/scr/install
[0.539s] DEBUG:colcon.colcon_installed_package_information.package_discovery:Found 287 installed packages in /opt/ros/jazzy
[0.541s] Level 1:colcon.colcon_core.package_discovery:discover_packages(prefix_path) using defaults
[0.626s] Level 5:colcon.colcon_core.verb:set package 'vesc_control' build argument 'cmake_args' from command line to 'None'
[0.626s] Level 5:colcon.colcon_core.verb:set package 'vesc_control' build argument 'cmake_target' from command line to 'None'
[0.626s] Level 5:colcon.colcon_core.verb:set package 'vesc_control' build argument 'cmake_target_skip_unavailable' from command line to 'False'
[0.626s] Level 5:colcon.colcon_core.verb:set package 'vesc_control' build argument 'cmake_clean_cache' from command line to 'False'
[0.626s] Level 5:colcon.colcon_core.verb:set package 'vesc_control' build argument 'cmake_clean_first' from command line to 'False'
[0.626s] Level 5:colcon.colcon_core.verb:set package 'vesc_control' build argument 'cmake_force_configure' from command line to 'False'
[0.627s] Level 5:colcon.colcon_core.verb:set package 'vesc_control' build argument 'ament_cmake_args' from command line to 'None'
[0.627s] Level 5:colcon.colcon_core.verb:set package 'vesc_control' build argument 'catkin_cmake_args' from command line to 'None'
[0.627s] Level 5:colcon.colcon_core.verb:set package 'vesc_control' build argument 'catkin_skip_building_tests' from command line to 'False'
[0.627s] DEBUG:colcon.colcon_core.verb:Building package 'vesc_control' with the following arguments: {'ament_cmake_args': None, 'build_base': '/home/jetson/ros2/scr/build/vesc_control', 'catkin_cmake_args': None, 'catkin_skip_building_tests': False, 'cmake_args': None, 'cmake_clean_cache': False, 'cmake_clean_first': False, 'cmake_force_configure': False, 'cmake_target': None, 'cmake_target_skip_unavailable': False, 'install_base': '/home/jetson/ros2/scr/install/vesc_control', 'merge_install': False, 'path': '/home/jetson/ros2/scr/vesc_control', 'symlink_install': True, 'test_result_base': None}
[0.628s] INFO:colcon.colcon_core.executor:Executing jobs using 'parallel' executor
[0.630s] DEBUG:colcon.colcon_parallel_executor.executor.parallel:run_until_complete
[0.630s] INFO:colcon.colcon_ros.task.ament_cmake.build:Building ROS package in '/home/jetson/ros2/scr/vesc_control' with build type 'ament_cmake'
[0.631s] INFO:colcon.colcon_cmake.task.cmake.build:Building CMake package in '/home/jetson/ros2/scr/vesc_control'
[0.636s] INFO:colcon.colcon_core.plugin_system:Skipping extension 'colcon_core.shell.bat': Not used on non-Windows systems
[0.637s] INFO:colcon.colcon_core.shell:Skip shell extension 'powershell' for command environment: Not usable outside of PowerShell
[0.637s] DEBUG:colcon.colcon_core.shell:Skip shell extension 'dsv' for command environment
[0.656s] DEBUG:colcon.colcon_core.event_handler.log_command:Invoking command in '/home/jetson/ros2/scr/build/vesc_control': CMAKE_PREFIX_PATH=${CMAKE_PREFIX_PATH}:/opt/ros/jazzy DEBUGINFOD_URLS=https://debuginfod.ubuntu.com /usr/bin/cmake --build /home/jetson/ros2/scr/build/vesc_control -- -j6 -l6
[23.812s] DEBUG:colcon.colcon_core.event_handler.log_command:Invoked command in '/home/jetson/ros2/scr/build/vesc_control' returned '0': CMAKE_PREFIX_PATH=${CMAKE_PREFIX_PATH}:/opt/ros/jazzy DEBUGINFOD_URLS=https://debuginfod.ubuntu.com /usr/bin/cmake --build /home/jetson/ros2/scr/build/vesc_control -- -j6 -l6
[23.837s] DEBUG:colcon.colcon_core.event_handler.log_command:Invoking command in '/home/jetson/ros2/scr/build/vesc_control': CMAKE_PREFIX_PATH=${CMAKE_PREFIX_PATH}:/opt/ros/jazzy DEBUGINFOD_URLS=https://debuginfod.ubuntu.com /usr/bin/cmake --install /home/jetson/ros2/scr/build/vesc_control
[23.906s] Level 1:colcon.colcon_core.environment:create_environment_scripts_only(vesc_control)
[23.907s] DEBUG:colcon.colcon_core.event_handler.log_command:Invoked command in '/home/jetson/ros2/scr/build/vesc_control' returned '0': CMAKE_PREFIX_PATH=${CMAKE_PREFIX_PATH}:/opt/ros/jazzy DEBUGINFOD_URLS=https://debuginfod.ubuntu.com /usr/bin/cmake --install /home/jetson/ros2/scr/build/vesc_control
[23.923s] Level 1:colcon.colcon_core.environment:checking '/home/jetson/ros2/scr/install/vesc_control' for CMake module files
[23.925s] Level 1:colcon.colcon_core.environment:checking '/home/jetson/ros2/scr/install/vesc_control' for CMake config files
[23.926s] Level 1:colcon.colcon_core.shell:create_environment_hook('vesc_control', 'cmake_prefix_path')
[23.927s] INFO:colcon.colcon_core.shell:Creating environment hook '/home/jetson/ros2/scr/install/vesc_control/share/vesc_control/hook/cmake_prefix_path.ps1'
[23.930s] INFO:colcon.colcon_core.shell:Creating environment descriptor '/home/jetson/ros2/scr/install/vesc_control/share/vesc_control/hook/cmake_prefix_path.dsv'
[23.932s] INFO:colcon.colcon_core.shell:Creating environment hook '/home/jetson/ros2/scr/install/vesc_control/share/vesc_control/hook/cmake_prefix_path.sh'
[23.934s] Level 1:colcon.colcon_core.environment:checking '/home/jetson/ros2/scr/install/vesc_control/lib'
[23.935s] Level 1:colcon.colcon_core.environment:checking '/home/jetson/ros2/scr/install/vesc_control/bin'
[23.935s] Level 1:colcon.colcon_core.environment:checking '/home/jetson/ros2/scr/install/vesc_control/lib/pkgconfig/vesc_control.pc'
[23.936s] Level 1:colcon.colcon_core.environment:checking '/home/jetson/ros2/scr/install/vesc_control/lib/python3.12/site-packages'
[23.936s] Level 1:colcon.colcon_core.environment:checking '/home/jetson/ros2/scr/install/vesc_control/bin'
[23.937s] INFO:colcon.colcon_core.shell:Creating package script '/home/jetson/ros2/scr/install/vesc_control/share/vesc_control/package.ps1'
[23.939s] INFO:colcon.colcon_core.shell:Creating package descriptor '/home/jetson/ros2/scr/install/vesc_control/share/vesc_control/package.dsv'
[23.941s] INFO:colcon.colcon_core.shell:Creating package script '/home/jetson/ros2/scr/install/vesc_control/share/vesc_control/package.sh'
[23.943s] INFO:colcon.colcon_core.shell:Creating package script '/home/jetson/ros2/scr/install/vesc_control/share/vesc_control/package.bash'
[23.945s] INFO:colcon.colcon_core.shell:Creating package script '/home/jetson/ros2/scr/install/vesc_control/share/vesc_control/package.zsh'
[23.946s] Level 1:colcon.colcon_core.environment:create_file_with_runtime_dependencies(/home/jetson/ros2/scr/install/vesc_control/share/colcon-core/packages/vesc_control)
[23.947s] Level 1:colcon.colcon_core.environment:create_environment_scripts_only(vesc_control)
[23.948s] Level 1:colcon.colcon_core.environment:checking '/home/jetson/ros2/scr/install/vesc_control' for CMake module files
[23.949s] Level 1:colcon.colcon_core.environment:checking '/home/jetson/ros2/scr/install/vesc_control' for CMake config files
[23.950s] Level 1:colcon.colcon_core.shell:create_environment_hook('vesc_control', 'cmake_prefix_path')
[23.950s] INFO:colcon.colcon_core.shell:Creating environment hook '/home/jetson/ros2/scr/install/vesc_control/share/vesc_control/hook/cmake_prefix_path.ps1'
[23.951s] INFO:colcon.colcon_core.shell:Creating environment descriptor '/home/jetson/ros2/scr/install/vesc_control/share/vesc_control/hook/cmake_prefix_path.dsv'
[23.952s] INFO:colcon.colcon_core.shell:Creating environment hook '/home/jetson/ros2/scr/install/vesc_control/share/vesc_control/hook/cmake_prefix_path.sh'
[23.953s] Level 1:colcon.colcon_core.environment:checking '/home/jetson/ros2/scr/install/vesc_control/lib'
[23.953s] Level 1:colcon.colcon_core.environment:checking '/home/jetson/ros2/scr/install/vesc_control/bin'
[23.953s] Level 1:colcon.colcon_core.environment:checking '/home/jetson/ros2/scr/install/vesc_control/lib/pkgconfig/vesc_control.pc'
[23.954s] Level 1:colcon.colcon_core.environment:checking '/home/jetson/ros2/scr/install/vesc_control/lib/python3.12/site-packages'
[23.954s] Level 1:colcon.colcon_core.environment:checking '/home/jetson/ros2/scr/install/vesc_control/bin'
[23.955s] INFO:colcon.colcon_core.shell:Creating package script '/home/jetson/ros2/scr/install/vesc_control/share/vesc_control/package.ps1'
[23.956s] INFO:colcon.colcon_core.shell:Creating package descriptor '/home/jetson/ros2/scr/install/vesc_control/share/vesc_control/package.dsv'
[23.957s] INFO:colcon.colcon_core.shell:Creating package script '/home/jetson/ros2/scr/install/vesc_control/share/vesc_control/package.sh'
[23.958s] INFO:colcon.colcon_core.shell:Creating package script '/home/jetson/ros2/scr/install/vesc_control/share/vesc_control/package.bash'
[23.959s] INFO:colcon.colcon_core.shell:Creating package script '/home/jetson/ros2/scr/install/vesc_control/share/vesc_control/package.zsh'
[23.959s] Level 1:colcon.colcon_core.environment:create_file_with_runtime_dependencies(/home/jetson/ros2/scr/install/vesc_control/share/colcon-core/packages/vesc_control)
[23.960s] DEBUG:colcon.colcon_parallel_executor.executor.parallel:closing loop
[23.961s] DEBUG:colcon.colcon_parallel_executor.executor.parallel:loop closed
[23.961s] DEBUG:colcon.colcon_parallel_executor.executor.parallel:run_until_complete finished with '0'
[23.961s] DEBUG:colcon.colcon_core.event_reactor:joining thread
[23.976s] INFO:colcon.colcon_core.plugin_system:Skipping extension 'colcon_notification.desktop_notification.terminal_notifier': Not used on non-Darwin systems
[23.976s] INFO:colcon.colcon_core.plugin_system:Skipping extension 'colcon_notification.desktop_notification.win32': Not used on non-Windows systems
[23.976s] INFO:colcon.colcon_notification.desktop_notification:Sending desktop notification using 'notify2'
[24.354s] DEBUG:colcon.colcon_core.event_reactor:joined thread
[24.356s] INFO:colcon.colcon_core.shell:Creating prefix script '/home/jetson/ros2/scr/install/local_setup.ps1'
[24.358s] INFO:colcon.colcon_core.shell:Creating prefix util module '/home/jetson/ros2/scr/install/_local_setup_util_ps1.py'
[24.361s] INFO:colcon.colcon_core.shell:Creating prefix chain script '/home/jetson/ros2/scr/install/setup.ps1'
[24.364s] INFO:colcon.colcon_core.shell:Creating prefix script '/home/jetson/ros2/scr/install/local_setup.sh'
[24.366s] INFO:colcon.colcon_core.shell:Creating prefix util module '/home/jetson/ros2/scr/install/_local_setup_util_sh.py'
[24.367s] INFO:colcon.colcon_core.shell:Creating prefix chain script '/home/jetson/ros2/scr/install/setup.sh'
[24.369s] INFO:colcon.colcon_core.shell:Creating prefix script '/home/jetson/ros2/scr/install/local_setup.bash'
[24.370s] INFO:colcon.colcon_core.shell:Creating prefix chain script '/home/jetson/ros2/scr/install/setup.bash'
[24.371s] INFO:colcon.colcon_core.shell:Creating prefix script '/home/jetson/ros2/scr/install/local_setup.zsh'
[24.372s] INFO:colcon.colcon_core.shell:Creating prefix chain script '/home/jetson/ros2/scr/install/setup.zsh'
