-- The C compiler identification is GNU 13.3.0
-- The CXX compiler identification is GNU 13.3.0
-- Detecting C compiler ABI info
-- Detecting C compiler ABI info - done
-- Check for working C compiler: /usr/bin/cc - skipped
-- Detecting C compile features
-- Detecting C compile features - done
-- Detecting CXX compiler ABI info
-- Detecting CXX compiler ABI info - done
-- Check for working CXX compiler: /usr/bin/c++ - skipped
-- Detecting CXX compile features
-- Detecting CXX compile features - done
-- Found ament_cmake: 2.5.6 (/opt/ros/jazzy/share/ament_cmake/cmake)
-- Found Python3: /usr/bin/python3 (found version "3.12.3") found components: Interpreter 
-- Configuring done (1.3s)
-- Generating done (0.0s)
-- Build files have been written to: /home/jetson/ros2/scr/build/scr_bringup
-- Install configuration: ""
-- Installing: /home/jetson/ros2/scr/install/scr_bringup/share/scr_bringup/launch
-- Installing: /home/jetson/ros2/scr/install/scr_bringup/share/scr_bringup/launch/lidar_slam.launch.py
-- Installing: /home/jetson/ros2/scr/install/scr_bringup/share/scr_bringup/config
-- Installing: /home/jetson/ros2/scr/install/scr_bringup/share/scr_bringup/config/slam_toolbox.yaml
-- Installing: /home/jetson/ros2/scr/install/scr_bringup/share/ament_index/resource_index/package_run_dependencies/scr_bringup
-- Installing: /home/jetson/ros2/scr/install/scr_bringup/share/ament_index/resource_index/parent_prefix_path/scr_bringup
-- Installing: /home/jetson/ros2/scr/install/scr_bringup/share/scr_bringup/environment/ament_prefix_path.sh
-- Installing: /home/jetson/ros2/scr/install/scr_bringup/share/scr_bringup/environment/ament_prefix_path.dsv
-- Installing: /home/jetson/ros2/scr/install/scr_bringup/share/scr_bringup/environment/path.sh
-- Installing: /home/jetson/ros2/scr/install/scr_bringup/share/scr_bringup/environment/path.dsv
-- Installing: /home/jetson/ros2/scr/install/scr_bringup/share/scr_bringup/local_setup.bash
-- Installing: /home/jetson/ros2/scr/install/scr_bringup/share/scr_bringup/local_setup.sh
-- Installing: /home/jetson/ros2/scr/install/scr_bringup/share/scr_bringup/local_setup.zsh
-- Installing: /home/jetson/ros2/scr/install/scr_bringup/share/scr_bringup/local_setup.dsv
-- Installing: /home/jetson/ros2/scr/install/scr_bringup/share/scr_bringup/package.dsv
-- Installing: /home/jetson/ros2/scr/install/scr_bringup/share/ament_index/resource_index/packages/scr_bringup
-- Installing: /home/jetson/ros2/scr/install/scr_bringup/share/scr_bringup/cmake/scr_bringupConfig.cmake
-- Installing: /home/jetson/ros2/scr/install/scr_bringup/share/scr_bringup/cmake/scr_bringupConfig-version.cmake
-- Installing: /home/jetson/ros2/scr/install/scr_bringup/share/scr_bringup/package.xml
