[0.014s] Invoking command in '/home/jetson/ros2/scr/build/scr_bringup': CMAKE_PREFIX_PATH=${CMAKE_PREFIX_PATH}:/opt/ros/jazzy /usr/bin/cmake /home/jetson/ros2/scr/scr_bringup -DCMAKE_INSTALL_PREFIX=/home/jetson/ros2/scr/install/scr_bringup
[0.114s] -- The C compiler identification is GNU 13.3.0
[0.214s] -- The CXX compiler identification is GNU 13.3.0
[0.245s] -- Detecting C compiler ABI info
[0.404s] -- Detecting C compiler ABI info - done
[0.422s] -- Check for working C compiler: /usr/bin/cc - skipped
[0.423s] -- Detecting C compile features
[0.424s] -- Detecting C compile features - done
[0.441s] -- Detecting CXX compiler ABI info
[0.624s] -- Detecting CXX compiler ABI info - done
[0.641s] -- Check for working CXX compiler: /usr/bin/c++ - skipped
[0.641s] -- Detecting CXX compile features
[0.642s] -- Detecting CXX compile features - done
[0.647s] -- Found ament_cmake: 2.5.6 (/opt/ros/jazzy/share/ament_cmake/cmake)
[0.926s] -- Found Python3: /usr/bin/python3 (found version "3.12.3") found components: Interpreter 
[1.358s] -- Configuring done (1.3s)
[1.364s] -- Generating done (0.0s)
[1.367s] -- Build files have been written to: /home/jetson/ros2/scr/build/scr_bringup
[1.377s] Invoked command in '/home/jetson/ros2/scr/build/scr_bringup' returned '0': CMAKE_PREFIX_PATH=${CMAKE_PREFIX_PATH}:/opt/ros/jazzy /usr/bin/cmake /home/jetson/ros2/scr/scr_bringup -DCMAKE_INSTALL_PREFIX=/home/jetson/ros2/scr/install/scr_bringup
[1.379s] Invoking command in '/home/jetson/ros2/scr/build/scr_bringup': CMAKE_PREFIX_PATH=${CMAKE_PREFIX_PATH}:/opt/ros/jazzy /usr/bin/cmake --build /home/jetson/ros2/scr/build/scr_bringup -- -j6 -l6
[1.449s] Invoked command in '/home/jetson/ros2/scr/build/scr_bringup' returned '0': CMAKE_PREFIX_PATH=${CMAKE_PREFIX_PATH}:/opt/ros/jazzy /usr/bin/cmake --build /home/jetson/ros2/scr/build/scr_bringup -- -j6 -l6
[1.467s] Invoking command in '/home/jetson/ros2/scr/build/scr_bringup': CMAKE_PREFIX_PATH=${CMAKE_PREFIX_PATH}:/opt/ros/jazzy /usr/bin/cmake --install /home/jetson/ros2/scr/build/scr_bringup
[1.482s] -- Install configuration: ""
[1.482s] -- Installing: /home/jetson/ros2/scr/install/scr_bringup/share/scr_bringup/launch
[1.482s] -- Installing: /home/jetson/ros2/scr/install/scr_bringup/share/scr_bringup/launch/lidar_slam.launch.py
[1.483s] -- Installing: /home/jetson/ros2/scr/install/scr_bringup/share/scr_bringup/config
[1.483s] -- Installing: /home/jetson/ros2/scr/install/scr_bringup/share/scr_bringup/config/slam_toolbox.yaml
[1.485s] -- Installing: /home/jetson/ros2/scr/install/scr_bringup/share/ament_index/resource_index/package_run_dependencies/scr_bringup
[1.485s] -- Installing: /home/jetson/ros2/scr/install/scr_bringup/share/ament_index/resource_index/parent_prefix_path/scr_bringup
[1.485s] -- Installing: /home/jetson/ros2/scr/install/scr_bringup/share/scr_bringup/environment/ament_prefix_path.sh
[1.486s] -- Installing: /home/jetson/ros2/scr/install/scr_bringup/share/scr_bringup/environment/ament_prefix_path.dsv
[1.486s] -- Installing: /home/jetson/ros2/scr/install/scr_bringup/share/scr_bringup/environment/path.sh
[1.486s] -- Installing: /home/jetson/ros2/scr/install/scr_bringup/share/scr_bringup/environment/path.dsv
[1.486s] -- Installing: /home/jetson/ros2/scr/install/scr_bringup/share/scr_bringup/local_setup.bash
[1.486s] -- Installing: /home/jetson/ros2/scr/install/scr_bringup/share/scr_bringup/local_setup.sh
[1.486s] -- Installing: /home/jetson/ros2/scr/install/scr_bringup/share/scr_bringup/local_setup.zsh
[1.487s] -- Installing: /home/jetson/ros2/scr/install/scr_bringup/share/scr_bringup/local_setup.dsv
[1.487s] -- Installing: /home/jetson/ros2/scr/install/scr_bringup/share/scr_bringup/package.dsv
[1.487s] -- Installing: /home/jetson/ros2/scr/install/scr_bringup/share/ament_index/resource_index/packages/scr_bringup
[1.487s] -- Installing: /home/jetson/ros2/scr/install/scr_bringup/share/scr_bringup/cmake/scr_bringupConfig.cmake
[1.487s] -- Installing: /home/jetson/ros2/scr/install/scr_bringup/share/scr_bringup/cmake/scr_bringupConfig-version.cmake
[1.489s] -- Installing: /home/jetson/ros2/scr/install/scr_bringup/share/scr_bringup/package.xml
[1.490s] Invoked command in '/home/jetson/ros2/scr/build/scr_bringup' returned '0': CMAKE_PREFIX_PATH=${CMAKE_PREFIX_PATH}:/opt/ros/jazzy /usr/bin/cmake --install /home/jetson/ros2/scr/build/scr_bringup
