[0.020s] Invoking command in '/home/jetson/ros2/scr/build/vesc_control': CMAKE_PREFIX_PATH=${CMAKE_PREFIX_PATH}:/opt/ros/jazzy DEBUGINFOD_URLS=https://debuginfod.ubuntu.com /usr/bin/cmake --build /home/jetson/ros2/scr/build/vesc_control -- -j6 -l6
[0.181s] [ 25%] [32mBuilding CXX object CMakeFiles/vesc_control_node.dir/src/vesc_interface.cpp.o[0m
[0.727s] [ 50%] [32m[1mLinking CXX executable vesc_control_node[0m
[1.511s] [100%] Built target vesc_control_node
[1.539s] Invoked command in '/home/jetson/ros2/scr/build/vesc_control' returned '0': CMAKE_PREFIX_PATH=${CMAKE_PREFIX_PATH}:/opt/ros/jazzy DEBUGINFOD_URLS=https://debuginfod.ubuntu.com /usr/bin/cmake --build /home/jetson/ros2/scr/build/vesc_control -- -j6 -l6
[1.572s] Invoking command in '/home/jetson/ros2/scr/build/vesc_control': CMAKE_PREFIX_PATH=${CMAKE_PREFIX_PATH}:/opt/ros/jazzy DEBUGINFOD_URLS=https://debuginfod.ubuntu.com /usr/bin/cmake --install /home/jetson/ros2/scr/build/vesc_control
[1.590s] -- Install configuration: ""
[1.593s] -- Execute custom install script
[1.593s] -- Up-to-date symlink: /home/jetson/ros2/scr/install/vesc_control/lib/vesc_control/vesc_control_node
[1.593s] -- Up-to-date symlink: /home/jetson/ros2/scr/install/vesc_control/include/vesc_control/servo_controller.hpp
[1.594s] -- Up-to-date symlink: /home/jetson/ros2/scr/install/vesc_control/include/vesc_control/vesc_interface.hpp
[1.594s] -- Up-to-date symlink: /home/jetson/ros2/scr/install/vesc_control/share/ament_index/resource_index/package_run_dependencies/vesc_control
[1.594s] -- Up-to-date symlink: /home/jetson/ros2/scr/install/vesc_control/share/ament_index/resource_index/parent_prefix_path/vesc_control
[1.594s] -- Up-to-date symlink: /home/jetson/ros2/scr/install/vesc_control/share/vesc_control/environment/ament_prefix_path.sh
[1.595s] -- Up-to-date symlink: /home/jetson/ros2/scr/install/vesc_control/share/vesc_control/environment/ament_prefix_path.dsv
[1.595s] -- Up-to-date symlink: /home/jetson/ros2/scr/install/vesc_control/share/vesc_control/environment/path.sh
[1.595s] -- Up-to-date symlink: /home/jetson/ros2/scr/install/vesc_control/share/vesc_control/environment/path.dsv
[1.595s] -- Up-to-date symlink: /home/jetson/ros2/scr/install/vesc_control/share/vesc_control/local_setup.bash
[1.595s] -- Up-to-date symlink: /home/jetson/ros2/scr/install/vesc_control/share/vesc_control/local_setup.sh
[1.595s] -- Up-to-date symlink: /home/jetson/ros2/scr/install/vesc_control/share/vesc_control/local_setup.zsh
[1.596s] -- Up-to-date symlink: /home/jetson/ros2/scr/install/vesc_control/share/vesc_control/local_setup.dsv
[1.596s] -- Symlinking: /home/jetson/ros2/scr/install/vesc_control/share/vesc_control/package.dsv
[1.614s] -- Up-to-date symlink: /home/jetson/ros2/scr/install/vesc_control/share/ament_index/resource_index/packages/vesc_control
[1.614s] -- Up-to-date symlink: /home/jetson/ros2/scr/install/vesc_control/share/vesc_control/cmake/vesc_controlConfig.cmake
[1.614s] -- Up-to-date symlink: /home/jetson/ros2/scr/install/vesc_control/share/vesc_control/cmake/vesc_controlConfig-version.cmake
[1.616s] -- Up-to-date symlink: /home/jetson/ros2/scr/install/vesc_control/share/vesc_control/package.xml
[1.626s] Invoked command in '/home/jetson/ros2/scr/build/vesc_control' returned '0': CMAKE_PREFIX_PATH=${CMAKE_PREFIX_PATH}:/opt/ros/jazzy DEBUGINFOD_URLS=https://debuginfod.ubuntu.com /usr/bin/cmake --install /home/jetson/ros2/scr/build/vesc_control
