[ 40%] Building CXX object CMakeFiles/vesc_control_node.dir/src/motor_controller.cpp.o
[ 40%] Building CXX object CMakeFiles/vesc_control_node.dir/src/vesc_control_node.cpp.o
[ 60%] Linking CXX executable vesc_control_node
[100%] Built target vesc_control_node
-- Install configuration: ""
-- Execute custom install script
-- Up-to-date symlink: /home/jetson/ros2/scr/install/vesc_control/lib/vesc_control/vesc_control_node
-- Up-to-date symlink: /home/jetson/ros2/scr/install/vesc_control/include/vesc_control/motor_controller.hpp
-- Up-to-date symlink: /home/jetson/ros2/scr/install/vesc_control/include/vesc_control/servo_controller.hpp
-- Up-to-date symlink: /home/jetson/ros2/scr/install/vesc_control/include/vesc_control/vesc_interface.hpp
-- Up-to-date symlink: /home/jetson/ros2/scr/install/vesc_control/share/ament_index/resource_index/package_run_dependencies/vesc_control
-- Up-to-date symlink: /home/jetson/ros2/scr/install/vesc_control/share/ament_index/resource_index/parent_prefix_path/vesc_control
-- Up-to-date symlink: /home/jetson/ros2/scr/install/vesc_control/share/vesc_control/environment/ament_prefix_path.sh
-- Up-to-date symlink: /home/jetson/ros2/scr/install/vesc_control/share/vesc_control/environment/ament_prefix_path.dsv
-- Up-to-date symlink: /home/jetson/ros2/scr/install/vesc_control/share/vesc_control/environment/path.sh
-- Up-to-date symlink: /home/jetson/ros2/scr/install/vesc_control/share/vesc_control/environment/path.dsv
-- Up-to-date symlink: /home/jetson/ros2/scr/install/vesc_control/share/vesc_control/local_setup.bash
-- Up-to-date symlink: /home/jetson/ros2/scr/install/vesc_control/share/vesc_control/local_setup.sh
-- Up-to-date symlink: /home/jetson/ros2/scr/install/vesc_control/share/vesc_control/local_setup.zsh
-- Up-to-date symlink: /home/jetson/ros2/scr/install/vesc_control/share/vesc_control/local_setup.dsv
-- Symlinking: /home/jetson/ros2/scr/install/vesc_control/share/vesc_control/package.dsv
-- Up-to-date symlink: /home/jetson/ros2/scr/install/vesc_control/share/ament_index/resource_index/packages/vesc_control
-- Up-to-date symlink: /home/jetson/ros2/scr/install/vesc_control/share/vesc_control/cmake/vesc_controlConfig.cmake
-- Up-to-date symlink: /home/jetson/ros2/scr/install/vesc_control/share/vesc_control/cmake/vesc_controlConfig-version.cmake
-- Up-to-date symlink: /home/jetson/ros2/scr/install/vesc_control/share/vesc_control/package.xml
