-- Install configuration: ""
-- Up-to-date: /home/jetson/ros2/scr/install/scr_bringup/share/scr_bringup/launch
-- Installing: /home/jetson/ros2/scr/install/scr_bringup/share/scr_bringup/launch/lidar_slam.launch.py
-- Up-to-date: /home/jetson/ros2/scr/install/scr_bringup/share/scr_bringup/config
-- Up-to-date: /home/jetson/ros2/scr/install/scr_bringup/share/scr_bringup/config/slam_toolbox.yaml
-- Installing: /home/jetson/ros2/scr/install/scr_bringup/share/scr_bringup/config/slam.rviz
-- Up-to-date: /home/jetson/ros2/scr/install/scr_bringup/share/ament_index/resource_index/package_run_dependencies/scr_bringup
-- Up-to-date: /home/jetson/ros2/scr/install/scr_bringup/share/ament_index/resource_index/parent_prefix_path/scr_bringup
-- Up-to-date: /home/jetson/ros2/scr/install/scr_bringup/share/scr_bringup/environment/ament_prefix_path.sh
-- Up-to-date: /home/jetson/ros2/scr/install/scr_bringup/share/scr_bringup/environment/ament_prefix_path.dsv
-- Up-to-date: /home/jetson/ros2/scr/install/scr_bringup/share/scr_bringup/environment/path.sh
-- Up-to-date: /home/jetson/ros2/scr/install/scr_bringup/share/scr_bringup/environment/path.dsv
-- Up-to-date: /home/jetson/ros2/scr/install/scr_bringup/share/scr_bringup/local_setup.bash
-- Up-to-date: /home/jetson/ros2/scr/install/scr_bringup/share/scr_bringup/local_setup.sh
-- Up-to-date: /home/jetson/ros2/scr/install/scr_bringup/share/scr_bringup/local_setup.zsh
-- Up-to-date: /home/jetson/ros2/scr/install/scr_bringup/share/scr_bringup/local_setup.dsv
-- Installing: /home/jetson/ros2/scr/install/scr_bringup/share/scr_bringup/package.dsv
-- Up-to-date: /home/jetson/ros2/scr/install/scr_bringup/share/ament_index/resource_index/packages/scr_bringup
-- Up-to-date: /home/jetson/ros2/scr/install/scr_bringup/share/scr_bringup/cmake/scr_bringupConfig.cmake
-- Up-to-date: /home/jetson/ros2/scr/install/scr_bringup/share/scr_bringup/cmake/scr_bringupConfig-version.cmake
-- Up-to-date: /home/jetson/ros2/scr/install/scr_bringup/share/scr_bringup/package.xml
