[0.019s] Invoking command in '/home/jetson/ros2/scr/build/scr_bringup': CMAKE_PREFIX_PATH=${CMAKE_PREFIX_PATH}:/opt/ros/jazzy /usr/bin/cmake --build /home/jetson/ros2/scr/build/scr_bringup -- -j6 -l6
[0.096s] Invoked command in '/home/jetson/ros2/scr/build/scr_bringup' returned '0': CMAKE_PREFIX_PATH=${CMAKE_PREFIX_PATH}:/opt/ros/jazzy /usr/bin/cmake --build /home/jetson/ros2/scr/build/scr_bringup -- -j6 -l6
[0.116s] Invoking command in '/home/jetson/ros2/scr/build/scr_bringup': CMAKE_PREFIX_PATH=${CMAKE_PREFIX_PATH}:/opt/ros/jazzy /usr/bin/cmake --install /home/jetson/ros2/scr/build/scr_bringup
[0.134s] -- Install configuration: ""
[0.134s] -- Up-to-date: /home/jetson/ros2/scr/install/scr_bringup/share/scr_bringup/launch
[0.135s] -- Installing: /home/jetson/ros2/scr/install/scr_bringup/share/scr_bringup/launch/lidar_slam.launch.py
[0.135s] -- Up-to-date: /home/jetson/ros2/scr/install/scr_bringup/share/scr_bringup/config
[0.135s] -- Up-to-date: /home/jetson/ros2/scr/install/scr_bringup/share/scr_bringup/config/slam_toolbox.yaml
[0.135s] -- Installing: /home/jetson/ros2/scr/install/scr_bringup/share/scr_bringup/config/slam.rviz
[0.135s] -- Up-to-date: /home/jetson/ros2/scr/install/scr_bringup/share/ament_index/resource_index/package_run_dependencies/scr_bringup
[0.135s] -- Up-to-date: /home/jetson/ros2/scr/install/scr_bringup/share/ament_index/resource_index/parent_prefix_path/scr_bringup
[0.135s] -- Up-to-date: /home/jetson/ros2/scr/install/scr_bringup/share/scr_bringup/environment/ament_prefix_path.sh
[0.136s] -- Up-to-date: /home/jetson/ros2/scr/install/scr_bringup/share/scr_bringup/environment/ament_prefix_path.dsv
[0.136s] -- Up-to-date: /home/jetson/ros2/scr/install/scr_bringup/share/scr_bringup/environment/path.sh
[0.136s] -- Up-to-date: /home/jetson/ros2/scr/install/scr_bringup/share/scr_bringup/environment/path.dsv
[0.136s] -- Up-to-date: /home/jetson/ros2/scr/install/scr_bringup/share/scr_bringup/local_setup.bash
[0.136s] -- Up-to-date: /home/jetson/ros2/scr/install/scr_bringup/share/scr_bringup/local_setup.sh
[0.137s] -- Up-to-date: /home/jetson/ros2/scr/install/scr_bringup/share/scr_bringup/local_setup.zsh
[0.137s] -- Up-to-date: /home/jetson/ros2/scr/install/scr_bringup/share/scr_bringup/local_setup.dsv
[0.137s] -- Installing: /home/jetson/ros2/scr/install/scr_bringup/share/scr_bringup/package.dsv
[0.137s] -- Up-to-date: /home/jetson/ros2/scr/install/scr_bringup/share/ament_index/resource_index/packages/scr_bringup
[0.137s] -- Up-to-date: /home/jetson/ros2/scr/install/scr_bringup/share/scr_bringup/cmake/scr_bringupConfig.cmake
[0.137s] -- Up-to-date: /home/jetson/ros2/scr/install/scr_bringup/share/scr_bringup/cmake/scr_bringupConfig-version.cmake
[0.137s] -- Up-to-date: /home/jetson/ros2/scr/install/scr_bringup/share/scr_bringup/package.xml
[0.140s] Invoked command in '/home/jetson/ros2/scr/build/scr_bringup' returned '0': CMAKE_PREFIX_PATH=${CMAKE_PREFIX_PATH}:/opt/ros/jazzy /usr/bin/cmake --install /home/jetson/ros2/scr/build/scr_bringup
